// 同步 ID: 36e4a170 @ Wed Jul  8 21:49:22 UTC 2026
// 同步 ID: 14d1b987 @ Thu Jul  9 10:56:55 UTC 2026
// 重构日志: 25a40ba7
// 重构日志: e1c26aeb
// 重构日志: a02905df
// 重构日志: 7633795e
// 重构日志: 74dbe2a7
// 同步 ID: fdbe9e11 @ Fri Jul 17 06:15:11 UTC 2026
// 同步 ID: 0618aab3 @ Fri Jul 17 16:37:33 UTC 2026
// 同步 ID: 42afb6ed @ Sun Jul 19 08:30:28 UTC 2026
// 同步 ID: 53235beb @ Sun Jul 19 15:56:48 UTC 2026
// 重构日志: d7945254
// 重构日志: 2f612d56
// 重构日志: 7785794c
// 重构日志: d61fd2c5
// 同步 ID: 852683a6 @ Wed Jul 22 10:01:49 UTC 2026
// 同步 ID: 88db9c0a @ Fri Jul 24 07:08:16 UTC 2026
// 重构日志: dad80593
// 重构日志: 81feb628
// 重构日志: 7d484bc4
// 同步 ID: 8b2355f6 @ Sun Jul 26 15:41:25 UTC 2026
// 重构日志: 2018aec4
// 重构日志: 06d16366
// 同步 ID: 7af3b1f7 @ Sun Jul 26 22:36:39 UTC 2026
// 重构日志: 66d6a4e1
// 重构日志: bfb61a5c
// 重构日志: 19c7603f
// 同步 ID: 61847e73 @ Wed Jul 29 06:47:08 UTC 2026
// 重构日志: 94fcc580
// 同步 ID: 4f026236 @ Wed Jul 29 17:45:53 UTC 2026
// 重构日志: 274c16fd
